Atividade 8:

Nome: Gabriel Costa

Sinceramente, estou achando o curso muito interessante. Acredito que poderiamos aprofundar ainda mais nas aulas, se fizessemos uma filtro das pessoas que realmente estão participando ou não. 

Acretido que em vez de um corte, se tivessemos dois ou três etapas de corte, poderiamos deixar apenas quem realmente está engajado e quer aprender. 

Tirando isso, achou achando bom e está cumprindo com o prometido. 

Obrigado. 

                                            Não sei por que, mas não consegui por nada acessar meu Git. Segue erro abaixo:
"
costga@cxj0989 MINGW64 ~/OneDrive - Compusoft AS/Área de Trabalho/Programação (main)
$ $ git config --global user.name "GabrielAthayde"
bash: $: command not found

costga@cxj0989 MINGW64 ~/OneDrive - Compusoft AS/Área de Trabalho/Programação (main)
$ git config --global user.name "GabrielAthayde"

costga@cxj0989 MINGW64 ~/OneDrive - Compusoft AS/Área de Trabalho/Programação (main)
$ git config --global user.email "Gabriel-athaydecosta@hotmail.com"

costga@cxj0989 MINGW64 ~/OneDrive - Compusoft AS/Área de Trabalho/Programação (main)
$ git init
Reinitialized existing Git repository in C:/Users/costga/OneDrive - Compusoft AS/Área de Trabalho/Programação/.git/

costga@cxj0989 MINGW64 ~/OneDrive - Compusoft AS/Área de Trabalho/Programação (main)
$ git init
Reinitialized existing Git repository in C:/Users/costga/OneDrive - Compusoft AS/Área de Trabalho/Programação/.git/

costga@cxj0989 MINGW64 ~/OneDrive - Compusoft AS/Área de Trabalho/Programação (main)
$ git status
On branch main
Your branch is ahead of 'origin/main' by 2 commits.
  (use "git push" to publish your local commits)

Changes not staged for commit:
  (use "git add <file>..." to update what will be committed)
  (use "git restore <file>..." to discard changes in working directory)
        modified:   Aula 7/gitNaPratica.md

no changes added to commit (use "git add" and/or "git commit -a")

costga@cxj0989 MINGW64 ~/OneDrive - Compusoft AS/Área de Trabalho/Programação (main)
$ git push
To https://github.com/GabrielAthayde/Locadora2020.git
 ! [rejected]        main -> main (fetch first)
error: failed to push some refs to 'https://github.com/GabrielAthayde/Locadora2020.git'
hint: Updates were rejected because the remote contains work that you do
hint: not have locally. This is usually caused by another repository pushing
hint: to the same ref. You may want to first integrate the remote changes
hint: (e.g., 'git pull ...') before pushing again.
hint: See the 'Note about fast-forwards' in 'git push --help' for details.

costga@cxj0989 MINGW64 ~/OneDrive - Compusoft AS/Área de Trabalho/Programação (main)
$

"







